core, occ, virt, freeze, discard 0 64 64 228 228 0 0
Using casida factors ? 0
Performing reorthonormalization ? 1
Number of states (incl ground) = 6
nocc_eff = 64 64
virt_eff = 228 228
cis_casida freezing 0 discarding 0
Number of determinants = 29185
Exc. state 1 sum of squares of frozen core TDDFT coefficients = 0.000000000000
Exc. state 1 sum of squares of frozen virtual TDDFT coefficients = 0.000000000000
Exc. state 2 sum of squares of frozen core TDDFT coefficients = 0.000000000000
Exc. state 2 sum of squares of frozen virtual TDDFT coefficients = 0.000000000000
Exc. state 3 sum of squares of frozen core TDDFT coefficients = 0.000000000000
Exc. state 3 sum of squares of frozen virtual TDDFT coefficients = 0.000000000000
Exc. state 4 sum of squares of frozen core TDDFT coefficients = 0.000000000000
Exc. state 4 sum of squares of frozen virtual TDDFT coefficients = 0.000000000000
Exc. state 5 sum of squares of frozen core TDDFT coefficients = 0.000000000000
Exc. state 5 sum of squares of frozen virtual TDDFT coefficients = 0.000000000000
overlap matrix of Casida wavefunctions
5 5
1.047478289400 0.026789955021 0.014643982091 -0.022010188667 -0.056997228369
0.026789955021 0.972651950497 -0.010346633775 -0.027944031402 0.022953315714
0.014643982091 -0.010346633775 0.911232252298 0.028904821750 -0.021840275554
-0.022010188667 -0.027944031402 0.028904821750 1.063502767527 -0.039033825847
-0.056997228369 0.022953315714 -0.021840275554 -0.039033825847 0.938232328869
Orthonormalization matrix
5 5
0.978802367301 -0.013592100080 -0.007447034794 0.010882265130 0.029402119815
-0.013592100080 1.014780077372 0.005308933853 0.012964609835 -0.012433042289
-0.007447034794 0.005308933853 1.048251663901 -0.014493122838 0.011414164261
0.010882265130 0.012964609835 -0.014493122838 0.970955189790 0.019589266341
0.029402119815 -0.012433042289 0.011414164261 0.019589266341 1.034753903046

overlap check after orthonormalization
5 5
1.000000000000 0.000000000000 0.000000000000 -0.000000000000 0.000000000000
0.000000000000 1.000000000000 0.000000000000 -0.000000000000 -0.000000000000
0.000000000000 0.000000000000 1.000000000000 0.000000000000 0.000000000000
-0.000000000000 -0.000000000000 0.000000000000 1.000000000000 0.000000000000
0.000000000000 -0.000000000000 0.000000000000 0.000000000000 1.000000000000
Orthonormalized wavefunctions used
