CIOVERLAP Fortran: starting determinant-mode overlap calculation
Reading cioverlap.input and binary CI/slater files
Input files loaded
Input: 712 0 0 284
Sraw: 1424 1424
Bra LCAO: 712 712
Ket LCAO: 712 712
eivectors1: 3 115141
eivectors2: 3 115141
Slater determinants: 115141
Active orbitals: 712
Inactive determinant shortcut orbitals: 0
Computing MO overlap matrix
MO overlap matrix ready: 712 712
Reading state screening mask: transmomin
Computing screened determinant and CI overlaps
Precomputing determinant spin blocks
Distinct spin blocks: alpha = 57571 beta = 57571
Determinant cache ceiling: alpha = 14263506 beta = 14263506
Preparing coefficient screening bounds
Ordering ket determinants for screening threshold =  5.00000E-04
Accumulating CI overlap with OpenMP threads = 8 per-thread cache capacity = 32768
Accumulating CI overlap: 0%
Accumulating CI overlap: 10%   elapsed     126.63 s   +    126.63 s   ETA    1139.67 s
Accumulating CI overlap: 20%   elapsed     131.14 s   +      4.51 s   ETA     524.57 s
Accumulating CI overlap: 30%   elapsed     134.58 s   +      3.44 s   ETA     314.03 s
Accumulating CI overlap: 40%   elapsed     137.17 s   +      2.59 s   ETA     205.76 s
Accumulating CI overlap: 50%   elapsed     137.19 s   +      0.02 s   ETA     137.19 s
Accumulating CI overlap: 60%   elapsed     137.19 s   +      0.00 s   ETA      91.46 s
Accumulating CI overlap: 70%   elapsed     137.20 s   +      0.00 s   ETA      58.80 s
Accumulating CI overlap: 80%   elapsed     137.20 s   +      0.00 s   ETA      34.30 s
Accumulating CI overlap: 90%   elapsed     137.20 s   +      0.00 s   ETA      15.24 s
Accumulating CI overlap: 100%   elapsed     137.20 s   +      0.00 s   ETA       0.00 s
Accumulating CI overlap: done
Screened CI overlap accumulation complete
Number of computed overlap determinant pairs = 2054385
Number of skipped determinant pairs = 13255395496
Skipped by coefficient bound = 13255295612
Skipped by excitation rank = 0
Skipped by coefficient threshold = 99884
Alpha determinant cache: allocated 1048576 entries, used 605235 entries
Beta determinant cache: allocated 1048576 entries, used 605045 entries
Determinant cache ceiling (max entries, never exceeded) = 14263506
Alpha determinant cache hits/misses = 1449150 605235
Beta determinant cache hits/misses = 1449340 605045
Process peak resident memory = 1661 MB
 
CI overlap before alignment
3 3
  7.7917007408365047E-01   0.0000000000000000E+00   0.0000000000000000E+00
  0.0000000000000000E+00  -5.1868692467978406E-01  -1.8615177776036360E-01
  0.0000000000000000E+00  -1.8848904182791962E-01  -6.4043394671027887E-01
 
Aligning phases by diagonal elements
Phase alignment complete
 
CI overlap aligned by diagonal for TD couplings:
3 3
  7.7917007408365047E-01   0.0000000000000000E+00   0.0000000000000000E+00
 -0.0000000000000000E+00   5.1868692467978406E-01   1.8615177776036360E-01
 -0.0000000000000000E+00   1.8848904182791962E-01   6.4043394671027887E-01
 
Aligning phases by largest elements in the row
Phase alignment complete
 
CI overlap matrix
3 3
  7.7917007408365047E-01   0.0000000000000000E+00   0.0000000000000000E+00
 -0.0000000000000000E+00   5.1868692467978406E-01   1.8615177776036360E-01
 -0.0000000000000000E+00   1.8848904182791962E-01   6.4043394671027887E-01

Timing summary (wall-clock seconds)
-----------------------------------------------------------
  phase                                         seconds    % total
-----------------------------------------------------------
  read input & CI/slater files                   1.6898       1.2%
  MO overlap matrix                              0.1822       0.1%
  screening mask                                 0.0001       0.0%
  CI overlap accumulation                      137.8552      98.7%
  phase alignment                                0.0001       0.0%
-----------------------------------------------------------
  other/unaccounted                              0.0003       0.0%
  TOTAL                                        139.7275     100.0%
-----------------------------------------------------------
