CIOVERLAP Fortran: starting determinant-mode overlap calculation
Reading cioverlap.input and binary CI/slater files
Input files loaded
Input: 712 0 0 284
Sraw: 1424 1424
Bra LCAO: 712 712
Ket LCAO: 712 712
eivectors1: 3 115141
eivectors2: 3 115141
Slater determinants: 115141
Active orbitals: 712
Inactive determinant shortcut orbitals: 0
Computing MO overlap matrix
MO overlap matrix ready: 712 712
Reading state screening mask: transmomin
Computing screened determinant and CI overlaps
Precomputing determinant spin blocks
Distinct spin blocks: alpha = 57571 beta = 57571
Determinant cache ceiling: alpha = 14263506 beta = 14263506
Preparing coefficient screening bounds
Ordering ket determinants for screening threshold =  5.00000E-04
Accumulating CI overlap with OpenMP threads = 2 per-thread cache capacity = 131072
Accumulating CI overlap: 0%
Accumulating CI overlap: 10%   elapsed     480.28 s   +    480.28 s   ETA    4322.55 s
Accumulating CI overlap: 20%   elapsed     499.11 s   +     18.83 s   ETA    1996.45 s
Accumulating CI overlap: 30%   elapsed     512.95 s   +     13.84 s   ETA    1196.89 s
Accumulating CI overlap: 40%   elapsed     523.42 s   +     10.47 s   ETA     785.14 s
Accumulating CI overlap: 50%   elapsed     523.50 s   +      0.08 s   ETA     523.50 s
Accumulating CI overlap: 60%   elapsed     523.51 s   +      0.00 s   ETA     349.00 s
Accumulating CI overlap: 70%   elapsed     523.51 s   +      0.00 s   ETA     224.36 s
Accumulating CI overlap: 80%   elapsed     523.51 s   +      0.00 s   ETA     130.88 s
Accumulating CI overlap: 90%   elapsed     523.51 s   +      0.00 s   ETA      58.17 s
Accumulating CI overlap: 100%   elapsed     523.51 s   +      0.00 s   ETA       0.00 s
Accumulating CI overlap: done
Screened CI overlap accumulation complete
Number of computed overlap determinant pairs = 2054385
Number of skipped determinant pairs = 13255395496
Skipped by coefficient bound = 13255295612
Skipped by excitation rank = 0
Skipped by coefficient threshold = 99884
Alpha determinant cache: allocated 1048576 entries, used 564450 entries
Beta determinant cache: allocated 1048576 entries, used 564450 entries
Determinant cache ceiling (max entries, never exceeded) = 14263506
Alpha determinant cache hits/misses = 1489935 564450
Beta determinant cache hits/misses = 1489935 564450
Process peak resident memory = 1908 MB
 
CI overlap before alignment
3 3
  7.7917007408365047E-01   0.0000000000000000E+00   0.0000000000000000E+00
  0.0000000000000000E+00  -5.1868692467979705E-01  -1.8615177776037051E-01
  0.0000000000000000E+00  -1.8848904182792894E-01  -6.4043394671026277E-01
 
Aligning phases by diagonal elements
Phase alignment complete
 
CI overlap aligned by diagonal for TD couplings:
3 3
  7.7917007408365047E-01   0.0000000000000000E+00   0.0000000000000000E+00
 -0.0000000000000000E+00   5.1868692467979705E-01   1.8615177776037051E-01
 -0.0000000000000000E+00   1.8848904182792894E-01   6.4043394671026277E-01
 
Aligning phases by largest elements in the row
Phase alignment complete
 
CI overlap matrix
3 3
  7.7917007408365047E-01   0.0000000000000000E+00   0.0000000000000000E+00
 -0.0000000000000000E+00   5.1868692467979705E-01   1.8615177776037051E-01
 -0.0000000000000000E+00   1.8848904182792894E-01   6.4043394671026277E-01

Timing summary (wall-clock seconds)
-----------------------------------------------------------
  phase                                         seconds    % total
-----------------------------------------------------------
  read input & CI/slater files                   1.8995       0.4%
  MO overlap matrix                              0.2150       0.0%
  screening mask                                 0.0001       0.0%
  CI overlap accumulation                      524.1424      99.6%
  phase alignment                                0.0001       0.0%
-----------------------------------------------------------
  other/unaccounted                              0.0004       0.0%
  TOTAL                                        526.2574     100.0%
-----------------------------------------------------------
