CIOVERLAP Fortran: starting determinant-mode overlap calculation
Reading cioverlap.input and binary CI/slater files
Input files loaded
Input: 712 0 0 284
Sraw: 1424 1424
Bra LCAO: 712 712
Ket LCAO: 712 712
eivectors1: 3 115141
eivectors2: 3 115141
Slater determinants: 115141
Active orbitals: 712
Inactive determinant shortcut orbitals: 0
Computing MO overlap matrix
MO overlap matrix ready: 712 712
Reading state screening mask: transmomin
Computing screened determinant and CI overlaps
Precomputing determinant spin blocks
Distinct spin blocks: alpha = 57571 beta = 57571
Determinant cache ceiling: alpha = 14263506 beta = 14263506
Preparing coefficient screening bounds
Ordering ket determinants for screening threshold =  5.00000E-04
Accumulating CI overlap with OpenMP threads = 4 per-thread cache capacity = 65536
Accumulating CI overlap: 0%
Accumulating CI overlap: 10%   elapsed     232.78 s   +    232.78 s   ETA    2095.05 s
Accumulating CI overlap: 20%   elapsed     241.29 s   +      8.51 s   ETA     965.17 s
Accumulating CI overlap: 30%   elapsed     247.80 s   +      6.51 s   ETA     578.20 s
Accumulating CI overlap: 40%   elapsed     252.71 s   +      4.91 s   ETA     379.06 s
Accumulating CI overlap: 50%   elapsed     252.75 s   +      0.04 s   ETA     252.75 s
Accumulating CI overlap: 60%   elapsed     252.75 s   +      0.00 s   ETA     168.50 s
Accumulating CI overlap: 70%   elapsed     252.75 s   +      0.00 s   ETA     108.32 s
Accumulating CI overlap: 80%   elapsed     252.75 s   +      0.00 s   ETA      63.19 s
Accumulating CI overlap: 90%   elapsed     252.75 s   +      0.00 s   ETA      28.08 s
Accumulating CI overlap: 100%   elapsed     252.75 s   +      0.00 s   ETA       0.00 s
Accumulating CI overlap: done
Screened CI overlap accumulation complete
Number of computed overlap determinant pairs = 2054385
Number of skipped determinant pairs = 13255395496
Skipped by coefficient bound = 13255295612
Skipped by excitation rank = 0
Skipped by coefficient threshold = 99884
Alpha determinant cache: allocated 1048576 entries, used 583417 entries
Beta determinant cache: allocated 1048576 entries, used 583417 entries
Determinant cache ceiling (max entries, never exceeded) = 14263506
Alpha determinant cache hits/misses = 1470968 583417
Beta determinant cache hits/misses = 1470968 583417
Process peak resident memory = 1695 MB
 
CI overlap before alignment
3 3
  7.7917007408365047E-01   0.0000000000000000E+00   0.0000000000000000E+00
  0.0000000000000000E+00  -5.1868692467978772E-01  -1.8615177776037856E-01
  0.0000000000000000E+00  -1.8848904182793697E-01  -6.4043394671026643E-01
 
Aligning phases by diagonal elements
Phase alignment complete
 
CI overlap aligned by diagonal for TD couplings:
3 3
  7.7917007408365047E-01   0.0000000000000000E+00   0.0000000000000000E+00
 -0.0000000000000000E+00   5.1868692467978772E-01   1.8615177776037856E-01
 -0.0000000000000000E+00   1.8848904182793697E-01   6.4043394671026643E-01
 
Aligning phases by largest elements in the row
Phase alignment complete
 
CI overlap matrix
3 3
  7.7917007408365047E-01   0.0000000000000000E+00   0.0000000000000000E+00
 -0.0000000000000000E+00   5.1868692467978772E-01   1.8615177776037856E-01
 -0.0000000000000000E+00   1.8848904182793697E-01   6.4043394671026643E-01

Timing summary (wall-clock seconds)
-----------------------------------------------------------
  phase                                         seconds    % total
-----------------------------------------------------------
  read input & CI/slater files                   1.6866       0.7%
  MO overlap matrix                              0.1906       0.1%
  screening mask                                 0.0001       0.0%
  CI overlap accumulation                      253.3756      99.3%
  phase alignment                                0.0001       0.0%
-----------------------------------------------------------
  other/unaccounted                              0.0003       0.0%
  TOTAL                                        255.2532     100.0%
-----------------------------------------------------------
