CIOVERLAP Fortran: starting determinant-mode overlap calculation
Reading cioverlap.input and binary CI/slater files
Input files loaded
Input: 712 0 0 284
Sraw: 1424 1424
Bra LCAO: 712 712
Ket LCAO: 712 712
eivectors1: 3 115141
eivectors2: 3 115141
Slater determinants: 115141
Active orbitals: 712
Inactive determinant shortcut orbitals: 0
Computing MO overlap matrix
MO overlap matrix ready: 712 712
Reading state screening mask: transmomin
Computing screened determinant and CI overlaps
Precomputing determinant spin blocks
Distinct spin blocks: alpha = 57571 beta = 57571
Determinant cache ceiling: alpha = 14263506 beta = 14263506
Preparing coefficient screening bounds
Ordering ket determinants for screening threshold =  5.00000E-04
Accumulating CI overlap with OpenMP threads = 24 per-thread cache capacity = 10922
Accumulating CI overlap: 0%
Accumulating CI overlap: 10%   elapsed      52.53 s   +     52.53 s   ETA     472.79 s
Accumulating CI overlap: 20%   elapsed      54.26 s   +      1.73 s   ETA     217.05 s
Accumulating CI overlap: 30%   elapsed      55.59 s   +      1.32 s   ETA     129.70 s
Accumulating CI overlap: 40%   elapsed      56.58 s   +      1.00 s   ETA      84.87 s
Accumulating CI overlap: 50%   elapsed      56.59 s   +      0.01 s   ETA      56.59 s
Accumulating CI overlap: 60%   elapsed      56.60 s   +      0.00 s   ETA      37.73 s
Accumulating CI overlap: 70%   elapsed      56.60 s   +      0.00 s   ETA      24.26 s
Accumulating CI overlap: 80%   elapsed      56.60 s   +      0.00 s   ETA      14.15 s
Accumulating CI overlap: 90%   elapsed      56.60 s   +      0.00 s   ETA       6.29 s
Accumulating CI overlap: 100%   elapsed      56.61 s   +      0.00 s   ETA       0.00 s
Accumulating CI overlap: done
Screened CI overlap accumulation complete
Number of computed overlap determinant pairs = 2054385
Number of skipped determinant pairs = 13255395496
Skipped by coefficient bound = 13255295612
Skipped by excitation rank = 0
Skipped by coefficient threshold = 99884
Alpha determinant cache: allocated 1048512 entries, used 649462 entries
Beta determinant cache: allocated 1048512 entries, used 648288 entries
Determinant cache ceiling (max entries, never exceeded) = 14263506
Alpha determinant cache hits/misses = 1404923 649462
Beta determinant cache hits/misses = 1406097 648288
Process peak resident memory = 1903 MB
 
CI overlap before alignment
3 3
  7.7917007408365047E-01   0.0000000000000000E+00   0.0000000000000000E+00
  0.0000000000000000E+00  -5.1868692467978494E-01  -1.8615177776036151E-01
  0.0000000000000000E+00  -1.8848904182792342E-01  -6.4043394671028142E-01
 
Aligning phases by diagonal elements
Phase alignment complete
 
CI overlap aligned by diagonal for TD couplings:
3 3
  7.7917007408365047E-01   0.0000000000000000E+00   0.0000000000000000E+00
 -0.0000000000000000E+00   5.1868692467978494E-01   1.8615177776036151E-01
 -0.0000000000000000E+00   1.8848904182792342E-01   6.4043394671028142E-01
 
Aligning phases by largest elements in the row
Phase alignment complete
 
CI overlap matrix
3 3
  7.7917007408365047E-01   0.0000000000000000E+00   0.0000000000000000E+00
 -0.0000000000000000E+00   5.1868692467978494E-01   1.8615177776036151E-01
 -0.0000000000000000E+00   1.8848904182792342E-01   6.4043394671028142E-01

Timing summary (wall-clock seconds)
-----------------------------------------------------------
  phase                                         seconds    % total
-----------------------------------------------------------
  read input & CI/slater files                   1.7277       2.9%
  MO overlap matrix                              0.1876       0.3%
  screening mask                                 0.0001       0.0%
  CI overlap accumulation                       57.3045      96.8%
  phase alignment                                0.0001       0.0%
-----------------------------------------------------------
  other/unaccounted                              0.0005       0.0%
  TOTAL                                         59.2203     100.0%
-----------------------------------------------------------
