CIOVERLAP Fortran: starting determinant-mode overlap calculation
Reading cioverlap.input and binary CI/slater files
Input files loaded
Input: 712 0 0 284
Sraw: 1424 1424
Bra LCAO: 712 712
Ket LCAO: 712 712
eivectors1: 3 115141
eivectors2: 3 115141
Slater determinants: 115141
Active orbitals: 712
Inactive determinant shortcut orbitals: 0
Computing MO overlap matrix
MO overlap matrix ready: 712 712
Reading state screening mask: transmomin
Computing screened determinant and CI overlaps
Precomputing determinant spin blocks
Distinct spin blocks: alpha = 57571 beta = 57571
Determinant cache ceiling: alpha = 14263506 beta = 14263506
Preparing coefficient screening bounds
Ordering ket determinants for screening threshold =  5.00000E-04
Accumulating CI overlap with OpenMP threads = 8 per-thread cache capacity = 32768
Accumulating CI overlap: 0%
Accumulating CI overlap: 10%   elapsed     126.98 s   +    126.98 s   ETA    1142.83 s
Accumulating CI overlap: 20%   elapsed     131.43 s   +      4.44 s   ETA     525.70 s
Accumulating CI overlap: 30%   elapsed     134.83 s   +      3.40 s   ETA     314.60 s
Accumulating CI overlap: 40%   elapsed     137.41 s   +      2.58 s   ETA     206.11 s
Accumulating CI overlap: 50%   elapsed     137.43 s   +      0.02 s   ETA     137.43 s
Accumulating CI overlap: 60%   elapsed     137.43 s   +      0.00 s   ETA      91.62 s
Accumulating CI overlap: 70%   elapsed     137.43 s   +      0.00 s   ETA      58.90 s
Accumulating CI overlap: 80%   elapsed     137.43 s   +      0.00 s   ETA      34.36 s
Accumulating CI overlap: 90%   elapsed     137.43 s   +      0.00 s   ETA      15.27 s
Accumulating CI overlap: 100%   elapsed     137.44 s   +      0.00 s   ETA       0.00 s
Accumulating CI overlap: done
Screened CI overlap accumulation complete
Number of computed overlap determinant pairs = 2054385
Number of skipped determinant pairs = 13255395496
Skipped by coefficient bound = 13255295612
Skipped by excitation rank = 0
Skipped by coefficient threshold = 99884
Alpha determinant cache: allocated 1048576 entries, used 603214 entries
Beta determinant cache: allocated 1048576 entries, used 603197 entries
Determinant cache ceiling (max entries, never exceeded) = 14263506
Alpha determinant cache hits/misses = 1451171 603214
Beta determinant cache hits/misses = 1451188 603197
Process peak resident memory = 1697 MB
 
CI overlap before alignment
3 3
  7.7917007408365047E-01   0.0000000000000000E+00   0.0000000000000000E+00
  0.0000000000000000E+00  -5.1868692467978517E-01  -1.8615177776036679E-01
  0.0000000000000000E+00  -1.8848904182792395E-01  -6.4043394671027398E-01
 
Aligning phases by diagonal elements
Phase alignment complete
 
CI overlap aligned by diagonal for TD couplings:
3 3
  7.7917007408365047E-01   0.0000000000000000E+00   0.0000000000000000E+00
 -0.0000000000000000E+00   5.1868692467978517E-01   1.8615177776036679E-01
 -0.0000000000000000E+00   1.8848904182792395E-01   6.4043394671027398E-01
 
Aligning phases by largest elements in the row
Phase alignment complete
 
CI overlap matrix
3 3
  7.7917007408365047E-01   0.0000000000000000E+00   0.0000000000000000E+00
 -0.0000000000000000E+00   5.1868692467978517E-01   1.8615177776036679E-01
 -0.0000000000000000E+00   1.8848904182792395E-01   6.4043394671027398E-01

Timing summary (wall-clock seconds)
-----------------------------------------------------------
  phase                                         seconds    % total
-----------------------------------------------------------
  read input & CI/slater files                   1.7081       1.2%
  MO overlap matrix                              0.1842       0.1%
  screening mask                                 0.0001       0.0%
  CI overlap accumulation                      138.0555      98.6%
  phase alignment                                0.0003       0.0%
-----------------------------------------------------------
  other/unaccounted                              0.0003       0.0%
  TOTAL                                        139.9485     100.0%
-----------------------------------------------------------
