CIOVERLAP Fortran: starting determinant-mode overlap calculation
Reading cioverlap.input and binary CI/slater files
Input files loaded
Input: 712 0 0 284
Sraw: 1424 1424
Bra LCAO: 712 712
Ket LCAO: 712 712
eivectors1: 3 115141
eivectors2: 3 115141
Slater determinants: 115141
Active orbitals: 712
Inactive determinant shortcut orbitals: 0
Computing MO overlap matrix
MO overlap matrix ready: 712 712
Reading state screening mask: transmomin
Computing screened determinant and CI overlaps
Precomputing determinant spin blocks
Distinct spin blocks: alpha = 57571 beta = 57571
Determinant cache ceiling: alpha = 14263506 beta = 14263506
Preparing coefficient screening bounds
Ordering ket determinants for screening threshold =  5.00000E-04
Accumulating CI overlap with OpenMP threads = 24 per-thread cache capacity = 10922
Accumulating CI overlap: 0%
Accumulating CI overlap: 10%   elapsed      52.29 s   +     52.29 s   ETA     470.64 s
Accumulating CI overlap: 20%   elapsed      54.18 s   +      1.89 s   ETA     216.72 s
Accumulating CI overlap: 30%   elapsed      55.60 s   +      1.42 s   ETA     129.73 s
Accumulating CI overlap: 40%   elapsed      56.64 s   +      1.04 s   ETA      84.96 s
Accumulating CI overlap: 50%   elapsed      56.65 s   +      0.01 s   ETA      56.65 s
Accumulating CI overlap: 60%   elapsed      56.65 s   +      0.00 s   ETA      37.77 s
Accumulating CI overlap: 70%   elapsed      56.66 s   +      0.00 s   ETA      24.28 s
Accumulating CI overlap: 80%   elapsed      56.66 s   +      0.00 s   ETA      14.16 s
Accumulating CI overlap: 90%   elapsed      56.66 s   +      0.00 s   ETA       6.30 s
Accumulating CI overlap: 100%   elapsed      58.06 s   +      1.40 s   ETA       0.00 s
Accumulating CI overlap: done
Screened CI overlap accumulation complete
Number of computed overlap determinant pairs = 2054385
Number of skipped determinant pairs = 13255395496
Skipped by coefficient bound = 13255295612
Skipped by excitation rank = 0
Skipped by coefficient threshold = 99884
Alpha determinant cache: allocated 1092200 entries, used 647176 entries
Beta determinant cache: allocated 1092200 entries, used 646224 entries
Determinant cache ceiling (max entries, never exceeded) = 14263506
Alpha determinant cache hits/misses = 1407209 647176
Beta determinant cache hits/misses = 1408161 646224
Process peak resident memory = 1991 MB
 
CI overlap before alignment
3 3
  7.7917007408365047E-01   0.0000000000000000E+00   0.0000000000000000E+00
  0.0000000000000000E+00  -5.1868692467978517E-01  -1.8615177776036351E-01
  0.0000000000000000E+00  -1.8848904182792417E-01  -6.4043394671028109E-01
 
Aligning phases by diagonal elements
Phase alignment complete
 
CI overlap aligned by diagonal for TD couplings:
3 3
  7.7917007408365047E-01   0.0000000000000000E+00   0.0000000000000000E+00
 -0.0000000000000000E+00   5.1868692467978517E-01   1.8615177776036351E-01
 -0.0000000000000000E+00   1.8848904182792417E-01   6.4043394671028109E-01
 
Aligning phases by largest elements in the row
Phase alignment complete
 
CI overlap matrix
3 3
  7.7917007408365047E-01   0.0000000000000000E+00   0.0000000000000000E+00
 -0.0000000000000000E+00   5.1868692467978517E-01   1.8615177776036351E-01
 -0.0000000000000000E+00   1.8848904182792417E-01   6.4043394671028109E-01

Timing summary (wall-clock seconds)
-----------------------------------------------------------
  phase                                         seconds    % total
-----------------------------------------------------------
  read input & CI/slater files                   1.6843       2.8%
  MO overlap matrix                              0.1844       0.3%
  screening mask                                 0.0001       0.0%
  CI overlap accumulation                       58.7804      96.9%
  phase alignment                                0.0001       0.0%
-----------------------------------------------------------
  other/unaccounted                              0.0003       0.0%
  TOTAL                                         60.6496     100.0%
-----------------------------------------------------------
