CIOVERLAP Fortran: starting determinant-mode overlap calculation
Reading cioverlap.input and binary CI/slater files
Input files loaded
Input: 210 0 0 42
Sraw: 420 420
Bra LCAO: 210 210
Ket LCAO: 210 210
eivectors1: 7 5671
eivectors2: 7 5671
Slater determinants: 5671
Active orbitals: 210
Inactive determinant shortcut orbitals: 0
Computing MO overlap matrix
MO overlap matrix ready: 210 210
Reading state screening mask: transmomin
Computing screened determinant and CI overlaps
Precomputing determinant spin blocks
Distinct spin blocks: alpha = 2836 beta = 2836
Determinant cache ceiling: alpha = 13404827 beta = 13404827
Preparing coefficient screening bounds
Ordering ket determinants for screening threshold =  5.00000E-04
Accumulating CI overlap with OpenMP threads = 4 per-thread cache capacity = 16384
Accumulating CI overlap: 0%
Accumulating CI overlap: 10%   elapsed       2.38 s   +      2.38 s   ETA      21.39 s
Accumulating CI overlap: 20%   elapsed       3.47 s   +      1.10 s   ETA      13.89 s
Accumulating CI overlap: 30%   elapsed       4.40 s   +      0.93 s   ETA      10.27 s
Accumulating CI overlap: 40%   elapsed       4.98 s   +      0.58 s   ETA       7.47 s
Accumulating CI overlap: 50%   elapsed       5.18 s   +      0.20 s   ETA       5.18 s
Accumulating CI overlap: 60%   elapsed       5.29 s   +      0.11 s   ETA       3.53 s
Accumulating CI overlap: 70%   elapsed       5.35 s   +      0.06 s   ETA       2.29 s
Accumulating CI overlap: 80%   elapsed       5.38 s   +      0.03 s   ETA       1.35 s
Accumulating CI overlap: 90%   elapsed       5.40 s   +      0.02 s   ETA       0.60 s
Accumulating CI overlap: 100%   elapsed       5.40 s   +      0.00 s   ETA       0.00 s
Accumulating CI overlap: done
Screened CI overlap accumulation complete
Number of computed overlap determinant pairs = 3800273
Number of skipped determinant pairs = 28359968
Skipped by coefficient bound = 24876232
Skipped by excitation rank = 0
Skipped by coefficient threshold = 3483736
Alpha determinant cache: allocated 2097152 entries, used 963399 entries
Beta determinant cache: allocated 2097152 entries, used 963399 entries
Determinant cache ceiling (max entries, never exceeded) = 13404827
Alpha determinant cache hits/misses = 2836874 963399
Beta determinant cache hits/misses = 2836874 963399
Process peak resident memory = 467 MB
 
CI overlap before alignment
7 7
  9.8141326280460384E-01   0.0000000000000000E+00   0.0000000000000000E+00   0.0000000000000000E+00   0.0000000000000000E+00   0.0000000000000000E+00   0.0000000000000000E+00
  0.0000000000000000E+00   9.4718754434168806E-01   0.0000000000000000E+00  -1.4590591139998372E-02   0.0000000000000000E+00   0.0000000000000000E+00   0.0000000000000000E+00
  0.0000000000000000E+00   0.0000000000000000E+00   9.5634664044737405E-01   6.4892991391751554E-03   0.0000000000000000E+00   0.0000000000000000E+00   0.0000000000000000E+00
  0.0000000000000000E+00   2.3832218712275411E-03   2.1120000528830375E-03   9.5780850914646853E-01   1.8088344049379632E-02  -3.3640453963969578E-02   8.5838520423570097E-04
  0.0000000000000000E+00   0.0000000000000000E+00   0.0000000000000000E+00   2.2079421112912598E-02   9.6192061020166886E-01   0.0000000000000000E+00   0.0000000000000000E+00
  0.0000000000000000E+00   0.0000000000000000E+00   0.0000000000000000E+00   2.2946086299044113E-02   0.0000000000000000E+00   9.4344299403509790E-01   0.0000000000000000E+00
  0.0000000000000000E+00   0.0000000000000000E+00   0.0000000000000000E+00   7.7983956137996982E-03   0.0000000000000000E+00   0.0000000000000000E+00   9.5247093569515917E-01
 
Aligning phases by diagonal elements
Phase alignment complete
 
CI overlap aligned by diagonal for TD couplings:
7 7
  9.8141326280460384E-01  -0.0000000000000000E+00  -0.0000000000000000E+00   0.0000000000000000E+00  -0.0000000000000000E+00   0.0000000000000000E+00   0.0000000000000000E+00
 -0.0000000000000000E+00   9.4718754434168806E-01   0.0000000000000000E+00   1.4590591139998372E-02   0.0000000000000000E+00  -0.0000000000000000E+00  -0.0000000000000000E+00
 -0.0000000000000000E+00   0.0000000000000000E+00   9.5634664044737405E-01  -6.4892991391751554E-03   0.0000000000000000E+00  -0.0000000000000000E+00  -0.0000000000000000E+00
  0.0000000000000000E+00  -2.3832218712275411E-03  -2.1120000528830375E-03   9.5780850914646853E-01  -1.8088344049379632E-02  -3.3640453963969578E-02   8.5838520423570097E-04
 -0.0000000000000000E+00   0.0000000000000000E+00   0.0000000000000000E+00  -2.2079421112912598E-02   9.6192061020166886E-01  -0.0000000000000000E+00  -0.0000000000000000E+00
  0.0000000000000000E+00  -0.0000000000000000E+00  -0.0000000000000000E+00   2.2946086299044113E-02  -0.0000000000000000E+00   9.4344299403509790E-01   0.0000000000000000E+00
  0.0000000000000000E+00  -0.0000000000000000E+00  -0.0000000000000000E+00   7.7983956137996982E-03  -0.0000000000000000E+00   0.0000000000000000E+00   9.5247093569515917E-01
 
Aligning phases by largest elements in the row
Phase alignment complete
 
CI overlap matrix
7 7
  9.8141326280460384E-01  -0.0000000000000000E+00  -0.0000000000000000E+00   0.0000000000000000E+00  -0.0000000000000000E+00   0.0000000000000000E+00   0.0000000000000000E+00
 -0.0000000000000000E+00   9.4718754434168806E-01   0.0000000000000000E+00   1.4590591139998372E-02   0.0000000000000000E+00  -0.0000000000000000E+00  -0.0000000000000000E+00
 -0.0000000000000000E+00   0.0000000000000000E+00   9.5634664044737405E-01  -6.4892991391751554E-03   0.0000000000000000E+00  -0.0000000000000000E+00  -0.0000000000000000E+00
  0.0000000000000000E+00  -2.3832218712275411E-03  -2.1120000528830375E-03   9.5780850914646853E-01  -1.8088344049379632E-02  -3.3640453963969578E-02   8.5838520423570097E-04
 -0.0000000000000000E+00   0.0000000000000000E+00   0.0000000000000000E+00  -2.2079421112912598E-02   9.6192061020166886E-01  -0.0000000000000000E+00  -0.0000000000000000E+00
  0.0000000000000000E+00  -0.0000000000000000E+00  -0.0000000000000000E+00   2.2946086299044113E-02  -0.0000000000000000E+00   9.4344299403509790E-01   0.0000000000000000E+00
  0.0000000000000000E+00  -0.0000000000000000E+00  -0.0000000000000000E+00   7.7983956137996982E-03  -0.0000000000000000E+00   0.0000000000000000E+00   9.5247093569515917E-01

Timing summary (wall-clock seconds)
-----------------------------------------------------------
  phase                                         seconds    % total
-----------------------------------------------------------
  read input & CI/slater files                   0.1786       3.2%
  MO overlap matrix                              0.0042       0.1%
  screening mask                                 0.0000       0.0%
  CI overlap accumulation                        5.4485      96.7%
  phase alignment                                0.0001       0.0%
-----------------------------------------------------------
  other/unaccounted                              0.0005       0.0%
  TOTAL                                          5.6320     100.0%
-----------------------------------------------------------
