CIOVERLAP Fortran: starting determinant-mode overlap calculation
Reading cioverlap.input and binary CI/slater files
Input files loaded
Input: 210 0 0 42
Sraw: 420 420
Bra LCAO: 210 210
Ket LCAO: 210 210
eivectors1: 7 5671
eivectors2: 7 5671
Slater determinants: 5671
Active orbitals: 210
Inactive determinant shortcut orbitals: 0
Computing MO overlap matrix
MO overlap matrix ready: 210 210
Reading state screening mask: transmomin
Computing screened determinant and CI overlaps
Precomputing determinant spin blocks
Distinct spin blocks: alpha = 2836 beta = 2836
Determinant cache ceiling: alpha = 13404827 beta = 13404827
Preparing coefficient screening bounds
Ordering ket determinants for screening threshold =  5.00000E-04
Accumulating CI overlap with OpenMP threads = 4 per-thread cache capacity = 16384
Accumulating CI overlap: 0%
Accumulating CI overlap: 10%   elapsed       2.39 s   +      2.39 s   ETA      21.55 s
Accumulating CI overlap: 20%   elapsed       3.51 s   +      1.11 s   ETA      14.03 s
Accumulating CI overlap: 30%   elapsed       4.44 s   +      0.93 s   ETA      10.36 s
Accumulating CI overlap: 40%   elapsed       5.03 s   +      0.59 s   ETA       7.55 s
Accumulating CI overlap: 50%   elapsed       5.24 s   +      0.20 s   ETA       5.24 s
Accumulating CI overlap: 60%   elapsed       5.34 s   +      0.11 s   ETA       3.56 s
Accumulating CI overlap: 70%   elapsed       5.40 s   +      0.06 s   ETA       2.31 s
Accumulating CI overlap: 80%   elapsed       5.43 s   +      0.03 s   ETA       1.36 s
Accumulating CI overlap: 90%   elapsed       5.45 s   +      0.01 s   ETA       0.61 s
Accumulating CI overlap: 100%   elapsed       5.45 s   +      0.00 s   ETA       0.00 s
Accumulating CI overlap: done
Screened CI overlap accumulation complete
Number of computed overlap determinant pairs = 3800273
Number of skipped determinant pairs = 28359968
Skipped by coefficient bound = 24876232
Skipped by excitation rank = 0
Skipped by coefficient threshold = 3483736
Alpha determinant cache: allocated 2097152 entries, used 963399 entries
Beta determinant cache: allocated 2097152 entries, used 963399 entries
Determinant cache ceiling (max entries, never exceeded) = 13404827
Alpha determinant cache hits/misses = 2836874 963399
Beta determinant cache hits/misses = 2836874 963399
Process peak resident memory = 484 MB
 
CI overlap before alignment
7 7
  9.8141326280460384E-01   0.0000000000000000E+00   0.0000000000000000E+00   0.0000000000000000E+00   0.0000000000000000E+00   0.0000000000000000E+00   0.0000000000000000E+00
  0.0000000000000000E+00   9.4718754434169428E-01   0.0000000000000000E+00  -1.4590591139999172E-02   0.0000000000000000E+00   0.0000000000000000E+00   0.0000000000000000E+00
  0.0000000000000000E+00   0.0000000000000000E+00   9.5634664044739959E-01   6.4892991391760722E-03   0.0000000000000000E+00   0.0000000000000000E+00   0.0000000000000000E+00
  0.0000000000000000E+00   2.3832218712275671E-03   2.1120000528823783E-03   9.5780850914646842E-01   1.8088344049379465E-02  -3.3640453963963979E-02   8.5838520423570097E-04
  0.0000000000000000E+00   0.0000000000000000E+00   0.0000000000000000E+00   2.2079421112909947E-02   9.6192061020166464E-01   0.0000000000000000E+00   0.0000000000000000E+00
  0.0000000000000000E+00   0.0000000000000000E+00   0.0000000000000000E+00   2.2946086299042087E-02   0.0000000000000000E+00   9.4344299403506948E-01   0.0000000000000000E+00
  0.0000000000000000E+00   0.0000000000000000E+00   0.0000000000000000E+00   7.7983956138012803E-03   0.0000000000000000E+00   0.0000000000000000E+00   9.5247093569514352E-01
 
Aligning phases by diagonal elements
Phase alignment complete
 
CI overlap aligned by diagonal for TD couplings:
7 7
  9.8141326280460384E-01  -0.0000000000000000E+00  -0.0000000000000000E+00   0.0000000000000000E+00  -0.0000000000000000E+00   0.0000000000000000E+00   0.0000000000000000E+00
 -0.0000000000000000E+00   9.4718754434169428E-01   0.0000000000000000E+00   1.4590591139999172E-02   0.0000000000000000E+00  -0.0000000000000000E+00  -0.0000000000000000E+00
 -0.0000000000000000E+00   0.0000000000000000E+00   9.5634664044739959E-01  -6.4892991391760722E-03   0.0000000000000000E+00  -0.0000000000000000E+00  -0.0000000000000000E+00
  0.0000000000000000E+00  -2.3832218712275671E-03  -2.1120000528823783E-03   9.5780850914646842E-01  -1.8088344049379465E-02  -3.3640453963963979E-02   8.5838520423570097E-04
 -0.0000000000000000E+00   0.0000000000000000E+00   0.0000000000000000E+00  -2.2079421112909947E-02   9.6192061020166464E-01  -0.0000000000000000E+00  -0.0000000000000000E+00
  0.0000000000000000E+00  -0.0000000000000000E+00  -0.0000000000000000E+00   2.2946086299042087E-02  -0.0000000000000000E+00   9.4344299403506948E-01   0.0000000000000000E+00
  0.0000000000000000E+00  -0.0000000000000000E+00  -0.0000000000000000E+00   7.7983956138012803E-03  -0.0000000000000000E+00   0.0000000000000000E+00   9.5247093569514352E-01
 
Aligning phases by largest elements in the row
Phase alignment complete
 
CI overlap matrix
7 7
  9.8141326280460384E-01  -0.0000000000000000E+00  -0.0000000000000000E+00   0.0000000000000000E+00  -0.0000000000000000E+00   0.0000000000000000E+00   0.0000000000000000E+00
 -0.0000000000000000E+00   9.4718754434169428E-01   0.0000000000000000E+00   1.4590591139999172E-02   0.0000000000000000E+00  -0.0000000000000000E+00  -0.0000000000000000E+00
 -0.0000000000000000E+00   0.0000000000000000E+00   9.5634664044739959E-01  -6.4892991391760722E-03   0.0000000000000000E+00  -0.0000000000000000E+00  -0.0000000000000000E+00
  0.0000000000000000E+00  -2.3832218712275671E-03  -2.1120000528823783E-03   9.5780850914646842E-01  -1.8088344049379465E-02  -3.3640453963963979E-02   8.5838520423570097E-04
 -0.0000000000000000E+00   0.0000000000000000E+00   0.0000000000000000E+00  -2.2079421112909947E-02   9.6192061020166464E-01  -0.0000000000000000E+00  -0.0000000000000000E+00
  0.0000000000000000E+00  -0.0000000000000000E+00  -0.0000000000000000E+00   2.2946086299042087E-02  -0.0000000000000000E+00   9.4344299403506948E-01   0.0000000000000000E+00
  0.0000000000000000E+00  -0.0000000000000000E+00  -0.0000000000000000E+00   7.7983956138012803E-03  -0.0000000000000000E+00   0.0000000000000000E+00   9.5247093569514352E-01

Timing summary (wall-clock seconds)
-----------------------------------------------------------
  phase                                         seconds    % total
-----------------------------------------------------------
  read input & CI/slater files                   0.1850       3.3%
  MO overlap matrix                              0.0045       0.1%
  screening mask                                 0.0000       0.0%
  CI overlap accumulation                        5.4948      96.7%
  phase alignment                                0.0001       0.0%
-----------------------------------------------------------
  other/unaccounted                              0.0005       0.0%
  TOTAL                                          5.6850     100.0%
-----------------------------------------------------------
