CIOVERLAP Fortran: starting determinant-mode overlap calculation
Reading cioverlap.input and binary CI/slater files
Input files loaded
Input: 210 0 0 42
Sraw: 420 420
Bra LCAO: 210 210
Ket LCAO: 210 210
eivectors1: 7 5671
eivectors2: 7 5671
Slater determinants: 5671
Active orbitals: 210
Inactive determinant shortcut orbitals: 0
Computing MO overlap matrix
MO overlap matrix ready: 210 210
Reading state screening mask: transmomin
Computing screened determinant and CI overlaps
Precomputing determinant spin blocks
Distinct spin blocks: alpha = 2836 beta = 2836
Determinant cache ceiling: alpha = 13404827 beta = 13404827
Preparing coefficient screening bounds
Ordering ket determinants for screening threshold =  5.00000E-04
Accumulating CI overlap with OpenMP threads = 4 per-thread cache capacity = 16384
Accumulating CI overlap: 0%
Accumulating CI overlap: 10%   elapsed       2.40 s   +      2.40 s   ETA      21.59 s
Accumulating CI overlap: 20%   elapsed       3.45 s   +      1.06 s   ETA      13.82 s
Accumulating CI overlap: 30%   elapsed       4.39 s   +      0.94 s   ETA      10.25 s
Accumulating CI overlap: 40%   elapsed       5.00 s   +      0.60 s   ETA       7.49 s
Accumulating CI overlap: 50%   elapsed       5.20 s   +      0.20 s   ETA       5.20 s
Accumulating CI overlap: 60%   elapsed       5.31 s   +      0.12 s   ETA       3.54 s
Accumulating CI overlap: 70%   elapsed       5.37 s   +      0.06 s   ETA       2.30 s
Accumulating CI overlap: 80%   elapsed       5.40 s   +      0.03 s   ETA       1.35 s
Accumulating CI overlap: 90%   elapsed       5.42 s   +      0.01 s   ETA       0.60 s
Accumulating CI overlap: 100%   elapsed       5.42 s   +      0.00 s   ETA       0.00 s
Accumulating CI overlap: done
Screened CI overlap accumulation complete
Number of computed overlap determinant pairs = 3800273
Number of skipped determinant pairs = 28359968
Skipped by coefficient bound = 24876232
Skipped by excitation rank = 0
Skipped by coefficient threshold = 3483736
Alpha determinant cache: allocated 2097152 entries, used 963413 entries
Beta determinant cache: allocated 2097152 entries, used 963398 entries
Determinant cache ceiling (max entries, never exceeded) = 13404827
Alpha determinant cache hits/misses = 2836860 963413
Beta determinant cache hits/misses = 2836875 963398
Process peak resident memory = 465 MB
 
CI overlap before alignment
7 7
  9.8141326280460384E-01   0.0000000000000000E+00   0.0000000000000000E+00   0.0000000000000000E+00   0.0000000000000000E+00   0.0000000000000000E+00   0.0000000000000000E+00
  0.0000000000000000E+00   9.4718754434169194E-01   0.0000000000000000E+00  -1.4590591139998917E-02   0.0000000000000000E+00   0.0000000000000000E+00   0.0000000000000000E+00
  0.0000000000000000E+00   0.0000000000000000E+00   9.5634664044738560E-01   6.4892991391763610E-03   0.0000000000000000E+00   0.0000000000000000E+00   0.0000000000000000E+00
  0.0000000000000000E+00   2.3832218712238435E-03   2.1120000528828458E-03   9.5780850914647353E-01   1.8088344049385210E-02  -3.3640453963952127E-02   8.5838520423071191E-04
  0.0000000000000000E+00   0.0000000000000000E+00   0.0000000000000000E+00   2.2079421112912279E-02   9.6192061020167874E-01   0.0000000000000000E+00   0.0000000000000000E+00
  0.0000000000000000E+00   0.0000000000000000E+00   0.0000000000000000E+00   2.2946086299049109E-02   0.0000000000000000E+00   9.4344299403505683E-01   0.0000000000000000E+00
  0.0000000000000000E+00   0.0000000000000000E+00   0.0000000000000000E+00   7.7983956137992264E-03   0.0000000000000000E+00   0.0000000000000000E+00   9.5247093569514885E-01
 
Aligning phases by diagonal elements
Phase alignment complete
 
CI overlap aligned by diagonal for TD couplings:
7 7
  9.8141326280460384E-01  -0.0000000000000000E+00  -0.0000000000000000E+00   0.0000000000000000E+00  -0.0000000000000000E+00   0.0000000000000000E+00   0.0000000000000000E+00
 -0.0000000000000000E+00   9.4718754434169194E-01   0.0000000000000000E+00   1.4590591139998917E-02   0.0000000000000000E+00  -0.0000000000000000E+00  -0.0000000000000000E+00
 -0.0000000000000000E+00   0.0000000000000000E+00   9.5634664044738560E-01  -6.4892991391763610E-03   0.0000000000000000E+00  -0.0000000000000000E+00  -0.0000000000000000E+00
  0.0000000000000000E+00  -2.3832218712238435E-03  -2.1120000528828458E-03   9.5780850914647353E-01  -1.8088344049385210E-02  -3.3640453963952127E-02   8.5838520423071191E-04
 -0.0000000000000000E+00   0.0000000000000000E+00   0.0000000000000000E+00  -2.2079421112912279E-02   9.6192061020167874E-01  -0.0000000000000000E+00  -0.0000000000000000E+00
  0.0000000000000000E+00  -0.0000000000000000E+00  -0.0000000000000000E+00   2.2946086299049109E-02  -0.0000000000000000E+00   9.4344299403505683E-01   0.0000000000000000E+00
  0.0000000000000000E+00  -0.0000000000000000E+00  -0.0000000000000000E+00   7.7983956137992264E-03  -0.0000000000000000E+00   0.0000000000000000E+00   9.5247093569514885E-01
 
Aligning phases by largest elements in the row
Phase alignment complete
 
CI overlap matrix
7 7
  9.8141326280460384E-01  -0.0000000000000000E+00  -0.0000000000000000E+00   0.0000000000000000E+00  -0.0000000000000000E+00   0.0000000000000000E+00   0.0000000000000000E+00
 -0.0000000000000000E+00   9.4718754434169194E-01   0.0000000000000000E+00   1.4590591139998917E-02   0.0000000000000000E+00  -0.0000000000000000E+00  -0.0000000000000000E+00
 -0.0000000000000000E+00   0.0000000000000000E+00   9.5634664044738560E-01  -6.4892991391763610E-03   0.0000000000000000E+00  -0.0000000000000000E+00  -0.0000000000000000E+00
  0.0000000000000000E+00  -2.3832218712238435E-03  -2.1120000528828458E-03   9.5780850914647353E-01  -1.8088344049385210E-02  -3.3640453963952127E-02   8.5838520423071191E-04
 -0.0000000000000000E+00   0.0000000000000000E+00   0.0000000000000000E+00  -2.2079421112912279E-02   9.6192061020167874E-01  -0.0000000000000000E+00  -0.0000000000000000E+00
  0.0000000000000000E+00  -0.0000000000000000E+00  -0.0000000000000000E+00   2.2946086299049109E-02  -0.0000000000000000E+00   9.4344299403505683E-01   0.0000000000000000E+00
  0.0000000000000000E+00  -0.0000000000000000E+00  -0.0000000000000000E+00   7.7983956137992264E-03  -0.0000000000000000E+00   0.0000000000000000E+00   9.5247093569514885E-01

Timing summary (wall-clock seconds)
-----------------------------------------------------------
  phase                                         seconds    % total
-----------------------------------------------------------
  read input & CI/slater files                   0.1746       3.1%
  MO overlap matrix                              0.0045       0.1%
  screening mask                                 0.0000       0.0%
  CI overlap accumulation                        5.4673      96.8%
  phase alignment                                0.0001       0.0%
-----------------------------------------------------------
  other/unaccounted                              0.0005       0.0%
  TOTAL                                          5.6470     100.0%
-----------------------------------------------------------
