CIOVERLAP Fortran: starting determinant-mode overlap calculation
Reading cioverlap.input and binary CI/slater files
Input files loaded
Input: 210 0 0 42
Sraw: 420 420
Bra LCAO: 210 210
Ket LCAO: 210 210
eivectors1: 7 5671
eivectors2: 7 5671
Slater determinants: 5671
Active orbitals: 210
Inactive determinant shortcut orbitals: 0
Computing MO overlap matrix
MO overlap matrix ready: 210 210
Reading state screening mask: transmomin
Computing screened determinant and CI overlaps
Precomputing determinant spin blocks
Distinct spin blocks: alpha = 2836 beta = 2836
Determinant cache ceiling: alpha = 13404827 beta = 13404827
Preparing coefficient screening bounds
Ordering ket determinants for screening threshold =  5.00000E-04
Accumulating CI overlap with OpenMP threads = 8 per-thread cache capacity = 8192
Accumulating CI overlap: 0%
Accumulating CI overlap: 10%   elapsed       1.25 s   +      1.25 s   ETA      11.28 s
Accumulating CI overlap: 20%   elapsed       1.83 s   +      0.58 s   ETA       7.32 s
Accumulating CI overlap: 30%   elapsed       2.34 s   +      0.51 s   ETA       5.45 s
Accumulating CI overlap: 40%   elapsed       2.63 s   +      0.29 s   ETA       3.94 s
Accumulating CI overlap: 50%   elapsed       2.75 s   +      0.12 s   ETA       2.75 s
Accumulating CI overlap: 60%   elapsed       2.81 s   +      0.07 s   ETA       1.88 s
Accumulating CI overlap: 70%   elapsed       2.85 s   +      0.03 s   ETA       1.22 s
Accumulating CI overlap: 80%   elapsed       2.86 s   +      0.02 s   ETA       0.72 s
Accumulating CI overlap: 90%   elapsed       2.87 s   +      0.01 s   ETA       0.32 s
Accumulating CI overlap: 100%   elapsed       2.87 s   +      0.00 s   ETA       0.00 s
Accumulating CI overlap: done
Screened CI overlap accumulation complete
Number of computed overlap determinant pairs = 3800273
Number of skipped determinant pairs = 28359968
Skipped by coefficient bound = 24876232
Skipped by excitation rank = 0
Skipped by coefficient threshold = 3483736
Alpha determinant cache: allocated 2097152 entries, used 973209 entries
Beta determinant cache: allocated 2097152 entries, used 973079 entries
Determinant cache ceiling (max entries, never exceeded) = 13404827
Alpha determinant cache hits/misses = 2827064 973209
Beta determinant cache hits/misses = 2827194 973079
Process peak resident memory = 444 MB
 
CI overlap before alignment
7 7
  9.8141326280460384E-01   0.0000000000000000E+00   0.0000000000000000E+00   0.0000000000000000E+00   0.0000000000000000E+00   0.0000000000000000E+00   0.0000000000000000E+00
  0.0000000000000000E+00   9.4718754434171004E-01   0.0000000000000000E+00  -1.4590591140001535E-02   0.0000000000000000E+00   0.0000000000000000E+00   0.0000000000000000E+00
  0.0000000000000000E+00   0.0000000000000000E+00   9.5634664044742546E-01   6.4892991391763272E-03   0.0000000000000000E+00   0.0000000000000000E+00   0.0000000000000000E+00
  0.0000000000000000E+00   2.3832218712268437E-03   2.1120000528820557E-03   9.5780850914647564E-01   1.8088344049390054E-02  -3.3640453963948352E-02   8.5838520423027476E-04
  0.0000000000000000E+00   0.0000000000000000E+00   0.0000000000000000E+00   2.2079421112903619E-02   9.6192061020169328E-01   0.0000000000000000E+00   0.0000000000000000E+00
  0.0000000000000000E+00   0.0000000000000000E+00   0.0000000000000000E+00   2.2946086299052672E-02   0.0000000000000000E+00   9.4344299403508991E-01   0.0000000000000000E+00
  0.0000000000000000E+00   0.0000000000000000E+00   0.0000000000000000E+00   7.7983956137978247E-03   0.0000000000000000E+00   0.0000000000000000E+00   9.5247093569514618E-01
 
Aligning phases by diagonal elements
Phase alignment complete
 
CI overlap aligned by diagonal for TD couplings:
7 7
  9.8141326280460384E-01  -0.0000000000000000E+00  -0.0000000000000000E+00   0.0000000000000000E+00  -0.0000000000000000E+00   0.0000000000000000E+00   0.0000000000000000E+00
 -0.0000000000000000E+00   9.4718754434171004E-01   0.0000000000000000E+00   1.4590591140001535E-02   0.0000000000000000E+00  -0.0000000000000000E+00  -0.0000000000000000E+00
 -0.0000000000000000E+00   0.0000000000000000E+00   9.5634664044742546E-01  -6.4892991391763272E-03   0.0000000000000000E+00  -0.0000000000000000E+00  -0.0000000000000000E+00
  0.0000000000000000E+00  -2.3832218712268437E-03  -2.1120000528820557E-03   9.5780850914647564E-01  -1.8088344049390054E-02  -3.3640453963948352E-02   8.5838520423027476E-04
 -0.0000000000000000E+00   0.0000000000000000E+00   0.0000000000000000E+00  -2.2079421112903619E-02   9.6192061020169328E-01  -0.0000000000000000E+00  -0.0000000000000000E+00
  0.0000000000000000E+00  -0.0000000000000000E+00  -0.0000000000000000E+00   2.2946086299052672E-02  -0.0000000000000000E+00   9.4344299403508991E-01   0.0000000000000000E+00
  0.0000000000000000E+00  -0.0000000000000000E+00  -0.0000000000000000E+00   7.7983956137978247E-03  -0.0000000000000000E+00   0.0000000000000000E+00   9.5247093569514618E-01
 
Aligning phases by largest elements in the row
Phase alignment complete
 
CI overlap matrix
7 7
  9.8141326280460384E-01  -0.0000000000000000E+00  -0.0000000000000000E+00   0.0000000000000000E+00  -0.0000000000000000E+00   0.0000000000000000E+00   0.0000000000000000E+00
 -0.0000000000000000E+00   9.4718754434171004E-01   0.0000000000000000E+00   1.4590591140001535E-02   0.0000000000000000E+00  -0.0000000000000000E+00  -0.0000000000000000E+00
 -0.0000000000000000E+00   0.0000000000000000E+00   9.5634664044742546E-01  -6.4892991391763272E-03   0.0000000000000000E+00  -0.0000000000000000E+00  -0.0000000000000000E+00
  0.0000000000000000E+00  -2.3832218712268437E-03  -2.1120000528820557E-03   9.5780850914647564E-01  -1.8088344049390054E-02  -3.3640453963948352E-02   8.5838520423027476E-04
 -0.0000000000000000E+00   0.0000000000000000E+00   0.0000000000000000E+00  -2.2079421112903619E-02   9.6192061020169328E-01  -0.0000000000000000E+00  -0.0000000000000000E+00
  0.0000000000000000E+00  -0.0000000000000000E+00  -0.0000000000000000E+00   2.2946086299052672E-02  -0.0000000000000000E+00   9.4344299403508991E-01   0.0000000000000000E+00
  0.0000000000000000E+00  -0.0000000000000000E+00  -0.0000000000000000E+00   7.7983956137978247E-03  -0.0000000000000000E+00   0.0000000000000000E+00   9.5247093569514618E-01

Timing summary (wall-clock seconds)
-----------------------------------------------------------
  phase                                         seconds    % total
-----------------------------------------------------------
  read input & CI/slater files                   0.1775       5.7%
  MO overlap matrix                              0.0046       0.1%
  screening mask                                 0.0000       0.0%
  CI overlap accumulation                        2.9360      94.1%
  phase alignment                                0.0001       0.0%
-----------------------------------------------------------
  other/unaccounted                              0.0007       0.0%
  TOTAL                                          3.1190     100.0%
-----------------------------------------------------------
