core, occ, virt, freeze, discard 6 15 15 189 189 0 0
Using casida factors ? 0
Performing reorthonormalization ? 1
Number of states (incl ground) = 7
nocc_eff = 15 15
virt_eff = 189 189
cis_casida freezing 0 discarding 0
Number of determinants = 5671
Exc. state 1 sum of squares of frozen core TDDFT coefficients = 0.000000000000
Exc. state 1 sum of squares of frozen virtual TDDFT coefficients = 0.000000000000
Exc. state 2 sum of squares of frozen core TDDFT coefficients = 0.000000000000
Exc. state 2 sum of squares of frozen virtual TDDFT coefficients = 0.000000000000
Exc. state 3 sum of squares of frozen core TDDFT coefficients = 0.000000000000
Exc. state 3 sum of squares of frozen virtual TDDFT coefficients = 0.000000000000
Exc. state 4 sum of squares of frozen core TDDFT coefficients = 0.000000000000
Exc. state 4 sum of squares of frozen virtual TDDFT coefficients = 0.000000000000
Exc. state 5 sum of squares of frozen core TDDFT coefficients = 0.000000000000
Exc. state 5 sum of squares of frozen virtual TDDFT coefficients = 0.000000000000
Exc. state 6 sum of squares of frozen core TDDFT coefficients = 0.000000000000
Exc. state 6 sum of squares of frozen virtual TDDFT coefficients = 0.000000000000
overlap matrix of Casida wavefunctions
6 6
0.937921583235 1.000000000000 -0.027230580002 0.000000000001 0.008106253153 -0.000000000000
1.000000000000 1.075249808118 -0.000000000001 0.031597732426 0.000000000000 -0.007953711223
-0.027230580002 -0.000000000001 0.969377093866 1.000000000000 -0.011074555915 0.000000000000
0.000000000001 0.031597732426 1.000000000000 1.037972889891 0.000000000000 0.012192658350
0.008106253153 0.000000000000 -0.011074555915 0.000000000000 0.947114522111 1.000000000000
-0.000000000000 -0.007953711223 0.000000000000 0.012192658350 1.000000000000 1.063655546388
Orthonormalization matrix
6 6
9.210191979788 -7.964184123573 -0.848862201889 1.051618725842 -0.551979606443 0.445927167324
-7.964184123573 8.171706271525 1.071733059758 -1.254387462088 0.449571940305 -0.350867642059
-0.848862201889 1.071733059758 10.697537232386 -9.683438308288 -0.024860439014 0.141734114261
1.051618725842 -1.254387462088 -9.683438308288 10.098673474104 0.103910514981 -0.214771363748
-0.551979606443 0.449571940305 -0.024860439014 0.103910514981 9.210774243582 -8.020650540828
0.445927167324 -0.350867642059 0.141734114261 -0.214771363748 -8.020650540828 8.271685438077

overlap check after orthonormalization
6 6
1.000000000000 -0.000000000000 -0.000000000000 0.000000000000 0.000000000000 -0.000000000000
-0.000000000000 1.000000000000 0.000000000000 -0.000000000000 -0.000000000000 0.000000000000
-0.000000000000 0.000000000000 1.000000000000 -0.000000000000 0.000000000000 -0.000000000000
0.000000000000 -0.000000000000 -0.000000000000 1.000000000000 -0.000000000000 0.000000000000
0.000000000000 -0.000000000000 0.000000000000 -0.000000000000 1.000000000000 0.000000000000
-0.000000000000 0.000000000000 -0.000000000000 0.000000000000 0.000000000000 1.000000000000
Orthonormalized wavefunctions used
